============================================================================== 
  [Auto Sync] 2026-08-26 18:50:59.34 
============================================================================== 
[96m======================================================================[0m
[96m[1m  🏁 [K-올라운드 & update_stock] 스마트 작업 종료/퇴근 동기화 매니저[0m
[96m======================================================================[0m
📍 현재 환경 : [93m🏢 회사 환경[0m
⏰ 실행 시각 : [90m2026-08-26 18:50:59[0m
[96m----------------------------------------------------------------------[0m

[92m▶ [1/2] update_stock (금융 데이터 허브) Git 상태 점검 및 Push...[0m
  [96m💾 커밋 완료: sync: automated project synchronization (2026-08-26 18:50:59)[0m
  [92m🚀 update_stock (금융 데이터 허브) GitHub 원격 저장소 Push 성공![0m

[92m▶ [2/2] k_all_round_portfolio (자산배분 & AI 리포트) Git 상태 점검 및 Push...[0m
  [96m💾 커밋 완료: sync: automated project synchronization (2026-08-26 18:50:59)[0m
  [92m🚀 k_all_round_portfolio (자산배분 & AI 리포트) GitHub 원격 저장소 Push 성공![0m

[92m======================================================================[0m
[92m[1m  🎉 모든 저장소 업로드 완료! 안심하고 이동/퇴근하세요.[0m
[92m======================================================================[0m

 
============================================================================== 
  [Auto Sync] 2026-08-26 18:51:46.88 
============================================================================== 
